[themeknit.com/demo/html/authfy/demo/login-03.html]
[backblue.gif]
[fade.gif]
[index.html]
[themeknit.com/demo/html/authfy/demo/images/favicon-16x16.png]
[themeknit.com/demo/html/authfy/demo/css/login3-style.css]
[themeknit.com/demo/html/authfy/demo/images/brand-logo-white.png]
[themeknit.com/demo/html/authfy/demo/js/jquery-2.2.4.min.js]
[themeknit.com/demo/html/authfy/demo/js/bootstrap.min.js]
[themeknit.com/demo/html/authfy/demo/js/custom.js]
[themeknit.com/demo/html/authfy/demo/login-03.html]
[themeknit.com/demo/html/authfy/demo/images/favicon-16x16.html]
[themeknit.com/demo/html/authfy/demo/css/bootstrap.min.css]
[themeknit.com/demo/html/authfy/demo/css/font-awesome.min.css]
[themeknit.com/demo/html/authfy/demo/css/preloader.css]
[themeknit.com/demo/html/authfy/demo/images/computer-1867758_1920-min.jpg]
[themeknit.com/demo/html/authfy/demo/css/login3-style.css]
[themeknit.com/demo/html/authfy/demo/fonts/glyphicons-halflings-regular.eot]
[themeknit.com/demo/html/authfy/demo/fonts/glyphicons-halflings-regulard41d.eot]
[themeknit.com/demo/html/authfy/demo/fonts/glyphicons-halflings-regular.woff2]
[themeknit.com/demo/html/authfy/demo/fonts/glyphicons-halflings-regular.woff]
[themeknit.com/demo/html/authfy/demo/fonts/glyphicons-halflings-regular.ttf]
[themeknit.com/demo/html/authfy/demo/css/bootstrap.min.css]
[themeknit.com/demo/html/authfy/demo/fonts/glyphicons-halflings-regular.svg]
[themeknit.com/demo/html/authfy/demo/fonts/fontawesome-webfont78ce.eot]
[themeknit.com/demo/html/authfy/demo/fonts/fontawesome-webfontd41d.eot]
[themeknit.com/demo/html/authfy/demo/fonts/fontawesome-webfont78ce.woff]
[themeknit.com/demo/html/authfy/demo/fonts/fontawesome-webfont78ce.ttf]
[themeknit.com/demo/html/authfy/demo/css/font-awesome.min.css]
[themeknit.com/demo/html/authfy/demo/images/preloader.gif]
[themeknit.com/demo/html/authfy/demo/css/preloader.css]
[themeknit.com/demo/html/authfy/demo/fonts/glyphicons-halflings-regular.html]
[themeknit.com/demo/html/authfy/demo/fonts/glyphicons-halflings-regular.svg]
[themeknit.com/demo/html/authfy/demo/fonts/fontawesome-webfont78ce.svg]
[themeknit.com/demo/html/authfy/demo/fonts/fontawesome-webfont78ce.svg]
